[13:16:12.538] INFO (#1): 🌱 Starting web app & executing RPC client seed...
[13:16:12.540] INFO (#1): Seeding 100 users via RPC...
[13:16:12.665] INFO Listening on http://0.0.0.0:8848
[13:16:12.778] INFO User created event=user.create outcome=success user.id=1 user.email=user1@example.com user.role=user duration_ms=14
[13:16:12.782] INFO Sent HTTP response http.method=POST http.url=/rpc/user/create/ http.status=200
✅ Successfully seeded user 1
[13:16:12.862] INFO User created event=user.create outcome=success user.id=2 user.email=user2@example.com user.role=user duration_ms=6
[13:16:12.862] INFO Sent HTTP response http.method=POST http.url=/rpc/user/create/ http.status=200
✅ Successfully seeded user 2
[13:16:12.966] INFO User created event=user.create outcome=success user.id=3 user.email=user3@example.com user.role=user duration_ms=7
[13:16:12.967] INFO Sent HTTP response http.method=POST http.url=/rpc/user/create/ http.status=200
✅ Successfully seeded user 3
[13:16:13.068] INFO User created event=user.create outcome=success user.id=4 user.email=user4@example.com user.role=user duration_ms=6
[13:16:13.069] INFO Sent HTTP response http.method=POST http.url=/rpc/user/create/ http.status=200
✅ Successfully seeded user 4
[13:16:13.170] INFO User created event=user.create outcome=success user.id=5 user.email=user5@example.com user.role=user duration_ms=6
[13:16:13.171] INFO Sent HTTP response http.method=POST http.url=/rpc/user/create/ http.status=200
✅ Successfully seeded user 5
[13:16:13.271] INFO User created event=user.create outcome=success user.id=6 user.email=user6@example.com user.role=user duration_ms=6
[13:16:13.271] INFO Sent HTTP response http.method=POST http.url=/rpc/user/create/ http.status=200
✅ Successfully seeded user 6
[13:16:13.373] INFO User created event=user.create outcome=success user.id=7 user.email=user7@example.com user.role=user duration_ms=5
[13:16:13.374] INFO Sent HTTP response http.method=POST http.url=/rpc/user/create/ http.status=200
✅ Successfully seeded user 7
[13:16:13.481] INFO User created event=user.create outcome=success user.id=8 user.email=user8@example.com user.role=user duration_ms=10
[13:16:13.481] INFO Sent HTTP response http.method=POST http.url=/rpc/user/create/ http.status=200
✅ Successfully seeded user 8
[13:16:13.580] INFO User created event=user.create outcome=success user.id=9 user.email=user9@example.com user.role=user duration_ms=6
[13:16:13.581] INFO Sent HTTP response http.method=POST http.url=/rpc/user/create/ http.status=200
✅ Successfully seeded user 9
[13:16:13.663] INFO User created event=user.create outcome=success user.id=10 user.email=user0@example.com user.role=user duration_ms=6
[13:16:13.663] INFO Sent HTTP response http.method=POST http.url=/rpc/user/create/ http.status=200
✅ Successfully seeded user 10
[13:16:13.778] INFO User created event=user.create outcome=success user.id=11 user.email=user10@example.com user.role=user duration_ms=10
[13:16:13.779] INFO Sent HTTP response http.method=POST http.url=/rpc/user/create/ http.status=200
✅ Successfully seeded user 11
[13:16:13.876] INFO User created event=user.create outcome=success user.id=12 user.email=user11@example.com user.role=user duration_ms=5
[13:16:13.876] INFO Sent HTTP response http.method=POST http.url=/rpc/user/create/ http.status=200
✅ Successfully seeded user 12
[13:16:13.978] INFO User created event=user.create outcome=success user.id=13 user.email=user12@example.com user.role=user duration_ms=6
[13:16:13.979] INFO Sent HTTP response http.method=POST http.url=/rpc/user/create/ http.status=200
✅ Successfully seeded user 13
[13:16:14.080] INFO User created event=user.create outcome=success user.id=14 user.email=user13@example.com user.role=user duration_ms=6
[13:16:14.081] INFO Sent HTTP response http.method=POST http.url=/rpc/user/create/ http.status=200
✅ Successfully seeded user 14
[13:16:14.183] INFO User created event=user.create outcome=success user.id=15 user.email=user14@example.com user.role=user duration_ms=6
[13:16:14.184] INFO Sent HTTP response http.method=POST http.url=/rpc/user/create/ http.status=200
✅ Successfully seeded user 15
[13:16:14.284] INFO User created event=user.create outcome=success user.id=16 user.email=user15@example.com user.role=user duration_ms=6
[13:16:14.285] INFO Sent HTTP response http.method=POST http.url=/rpc/user/create/ http.status=200
✅ Successfully seeded user 16
[13:16:14.384] INFO User created event=user.create outcome=success user.id=17 user.email=user16@example.com user.role=user duration_ms=6
[13:16:14.384] INFO Sent HTTP response http.method=POST http.url=/rpc/user/create/ http.status=200
✅ Successfully seeded user 17
[13:16:14.492] INFO User created event=user.create outcome=success user.id=18 user.email=user17@example.com user.role=user duration_ms=10
[13:16:14.492] INFO Sent HTTP response http.method=POST http.url=/rpc/user/create/ http.status=200
✅ Successfully seeded user 18
[13:16:14.590] INFO User created event=user.create outcome=success user.id=19 user.email=user18@example.com user.role=user duration_ms=6
[13:16:14.590] INFO Sent HTTP response http.method=POST http.url=/rpc/user/create/ http.status=200
✅ Successfully seeded user 19
[13:16:14.690] INFO User created event=user.create outcome=success user.id=20 user.email=user19@example.com user.role=user duration_ms=6
[13:16:14.690] INFO Sent HTTP response http.method=POST http.url=/rpc/user/create/ http.status=200
✅ Successfully seeded user 20
[13:16:14.791] INFO User created event=user.create outcome=success user.id=21 user.email=user20@example.com user.role=user duration_ms=6
[13:16:14.792] INFO Sent HTTP response http.method=POST http.url=/rpc/user/create/ http.status=200
✅ Successfully seeded user 21
[13:16:14.892] INFO User created event=user.create outcome=success user.id=22 user.email=user21@example.com user.role=user duration_ms=5
[13:16:14.892] INFO Sent HTTP response http.method=POST http.url=/rpc/user/create/ http.status=200
✅ Successfully seeded user 22
[13:16:14.994] INFO User created event=user.create outcome=success user.id=23 user.email=user22@example.com user.role=user duration_ms=6
[13:16:14.995] INFO Sent HTTP response http.method=POST http.url=/rpc/user/create/ http.status=200
✅ Successfully seeded user 23
[13:16:15.096] INFO User created event=user.create outcome=success user.id=24 user.email=user23@example.com user.role=user duration_ms=6
[13:16:15.096] INFO Sent HTTP response http.method=POST http.url=/rpc/user/create/ http.status=200
✅ Successfully seeded user 24
[13:16:15.198] INFO User created event=user.create outcome=success user.id=25 user.email=user24@example.com user.role=user duration_ms=6
[13:16:15.199] INFO Sent HTTP response http.method=POST http.url=/rpc/user/create/ http.status=200
✅ Successfully seeded user 25
[13:16:15.299] INFO User created event=user.create outcome=success user.id=26 user.email=user25@example.com user.role=user duration_ms=6
[13:16:15.299] INFO Sent HTTP response http.method=POST http.url=/rpc/user/create/ http.status=200
✅ Successfully seeded user 26
[13:16:15.400] INFO User created event=user.create outcome=success user.id=27 user.email=user26@example.com user.role=user duration_ms=6
[13:16:15.401] INFO Sent HTTP response http.method=POST http.url=/rpc/user/create/ http.status=200
✅ Successfully seeded user 27
[13:16:15.508] INFO User created event=user.create outcome=success user.id=28 user.email=user27@example.com user.role=user duration_ms=10
[13:16:15.509] INFO Sent HTTP response http.method=POST http.url=/rpc/user/create/ http.status=200
✅ Successfully seeded user 28
[13:16:15.605] INFO User created event=user.create outcome=success user.id=29 user.email=user28@example.com user.role=user duration_ms=6
[13:16:15.606] INFO Sent HTTP response http.method=POST http.url=/rpc/user/create/ http.status=200
✅ Successfully seeded user 29
[13:16:15.706] INFO User created event=user.create outcome=success user.id=30 user.email=user29@example.com user.role=user duration_ms=6
[13:16:15.706] INFO Sent HTTP response http.method=POST http.url=/rpc/user/create/ http.status=200
✅ Successfully seeded user 30
[13:16:15.817] INFO User created event=user.create outcome=success user.id=31 user.email=user30@example.com user.role=user duration_ms=14
[13:16:15.818] INFO Sent HTTP response http.method=POST http.url=/rpc/user/create/ http.status=200
✅ Successfully seeded user 31
[13:16:15.912] INFO User created event=user.create outcome=success user.id=32 user.email=user31@example.com user.role=user duration_ms=5
[13:16:15.912] INFO Sent HTTP response http.method=POST http.url=/rpc/user/create/ http.status=200
✅ Successfully seeded user 32
[13:16:16.014] INFO User created event=user.create outcome=success user.id=33 user.email=user32@example.com user.role=user duration_ms=6
[13:16:16.014] INFO Sent HTTP response http.method=POST http.url=/rpc/user/create/ http.status=200
✅ Successfully seeded user 33
[13:16:16.116] INFO User created event=user.create outcome=success user.id=34 user.email=user33@example.com user.role=user duration_ms=6
[13:16:16.116] INFO Sent HTTP response http.method=POST http.url=/rpc/user/create/ http.status=200
✅ Successfully seeded user 34
[13:16:16.218] INFO User created event=user.create outcome=success user.id=35 user.email=user34@example.com user.role=user duration_ms=6
[13:16:16.218] INFO Sent HTTP response http.method=POST http.url=/rpc/user/create/ http.status=200
✅ Successfully seeded user 35
[13:16:16.321] INFO User created event=user.create outcome=success user.id=36 user.email=user35@example.com user.role=user duration_ms=6
[13:16:16.322] INFO Sent HTTP response http.method=POST http.url=/rpc/user/create/ http.status=200
✅ Successfully seeded user 36
[13:16:16.423] INFO User created event=user.create outcome=success user.id=37 user.email=user36@example.com user.role=user duration_ms=6
[13:16:16.424] INFO Sent HTTP response http.method=POST http.url=/rpc/user/create/ http.status=200
✅ Successfully seeded user 37
[13:16:16.525] INFO User created event=user.create outcome=success user.id=38 user.email=user37@example.com user.role=user duration_ms=6
[13:16:16.526] INFO Sent HTTP response http.method=POST http.url=/rpc/user/create/ http.status=200
✅ Successfully seeded user 38
[13:16:16.628] INFO User created event=user.create outcome=success user.id=39 user.email=user38@example.com user.role=user duration_ms=6
[13:16:16.629] INFO Sent HTTP response http.method=POST http.url=/rpc/user/create/ http.status=200
✅ Successfully seeded user 39
[13:16:16.730] INFO User created event=user.create outcome=success user.id=40 user.email=user39@example.com user.role=user duration_ms=6
[13:16:16.730] INFO Sent HTTP response http.method=POST http.url=/rpc/user/create/ http.status=200
✅ Successfully seeded user 40
[13:16:16.832] INFO User created event=user.create outcome=success user.id=41 user.email=user40@example.com user.role=user duration_ms=5
[13:16:16.832] INFO Sent HTTP response http.method=POST http.url=/rpc/user/create/ http.status=200
✅ Successfully seeded user 41
[13:16:16.933] INFO User created event=user.create outcome=success user.id=42 user.email=user41@example.com user.role=user duration_ms=6
[13:16:16.934] INFO Sent HTTP response http.method=POST http.url=/rpc/user/create/ http.status=200
✅ Successfully seeded user 42
[13:16:17.035] INFO User created event=user.create outcome=success user.id=43 user.email=user42@example.com user.role=user duration_ms=6
[13:16:17.036] INFO Sent HTTP response http.method=POST http.url=/rpc/user/create/ http.status=200
✅ Successfully seeded user 43
[13:16:17.137] INFO User created event=user.create outcome=success user.id=44 user.email=user43@example.com user.role=user duration_ms=6
[13:16:17.137] INFO Sent HTTP response http.method=POST http.url=/rpc/user/create/ http.status=200
✅ Successfully seeded user 44
[13:16:17.238] INFO User created event=user.create outcome=success user.id=45 user.email=user44@example.com user.role=user duration_ms=5
[13:16:17.239] INFO Sent HTTP response http.method=POST http.url=/rpc/user/create/ http.status=200
✅ Successfully seeded user 45
[13:16:17.342] INFO User created event=user.create outcome=success user.id=46 user.email=user45@example.com user.role=user duration_ms=6
[13:16:17.343] INFO Sent HTTP response http.method=POST http.url=/rpc/user/create/ http.status=200
✅ Successfully seeded user 46
[13:16:17.443] INFO User created event=user.create outcome=success user.id=47 user.email=user46@example.com user.role=user duration_ms=7
[13:16:17.443] INFO Sent HTTP response http.method=POST http.url=/rpc/user/create/ http.status=200
✅ Successfully seeded user 47
[13:16:17.544] INFO User created event=user.create outcome=success user.id=48 user.email=user47@example.com user.role=user duration_ms=5
[13:16:17.545] INFO Sent HTTP response http.method=POST http.url=/rpc/user/create/ http.status=200
✅ Successfully seeded user 48
[13:16:17.652] INFO User created event=user.create outcome=success user.id=49 user.email=user48@example.com user.role=user duration_ms=10
[13:16:17.653] INFO Sent HTTP response http.method=POST http.url=/rpc/user/create/ http.status=200
✅ Successfully seeded user 49
[13:16:17.753] INFO User created event=user.create outcome=success user.id=50 user.email=user49@example.com user.role=user duration_ms=11
[13:16:17.754] INFO Sent HTTP response http.method=POST http.url=/rpc/user/create/ http.status=200
✅ Successfully seeded user 50
[13:16:17.849] INFO User created event=user.create outcome=success user.id=51 user.email=user50@example.com user.role=user duration_ms=6
[13:16:17.850] INFO Sent HTTP response http.method=POST http.url=/rpc/user/create/ http.status=200
✅ Successfully seeded user 51
[13:16:17.954] INFO User created event=user.create outcome=success user.id=52 user.email=user51@example.com user.role=user duration_ms=8
[13:16:17.955] INFO Sent HTTP response http.method=POST http.url=/rpc/user/create/ http.status=200
✅ Successfully seeded user 52
[13:16:18.053] INFO User created event=user.create outcome=success user.id=53 user.email=user52@example.com user.role=user duration_ms=6
[13:16:18.053] INFO Sent HTTP response http.method=POST http.url=/rpc/user/create/ http.status=200
✅ Successfully seeded user 53
[13:16:18.155] INFO User created event=user.create outcome=success user.id=54 user.email=user53@example.com user.role=user duration_ms=6
[13:16:18.155] INFO Sent HTTP response http.method=POST http.url=/rpc/user/create/ http.status=200
✅ Successfully seeded user 54
[13:16:18.254] INFO User created event=user.create outcome=success user.id=55 user.email=user54@example.com user.role=user duration_ms=5
[13:16:18.255] INFO Sent HTTP response http.method=POST http.url=/rpc/user/create/ http.status=200
✅ Successfully seeded user 55
[13:16:18.356] INFO User created event=user.create outcome=success user.id=56 user.email=user55@example.com user.role=user duration_ms=5
[13:16:18.356] INFO Sent HTTP response http.method=POST http.url=/rpc/user/create/ http.status=200
✅ Successfully seeded user 56
[13:16:18.459] INFO User created event=user.create outcome=success user.id=57 user.email=user56@example.com user.role=user duration_ms=6
[13:16:18.459] INFO Sent HTTP response http.method=POST http.url=/rpc/user/create/ http.status=200
✅ Successfully seeded user 57
[13:16:18.560] INFO User created event=user.create outcome=success user.id=58 user.email=user57@example.com user.role=user duration_ms=5
[13:16:18.561] INFO Sent HTTP response http.method=POST http.url=/rpc/user/create/ http.status=200
✅ Successfully seeded user 58
[13:16:18.664] INFO User created event=user.create outcome=success user.id=59 user.email=user58@example.com user.role=user duration_ms=7
[13:16:18.665] INFO Sent HTTP response http.method=POST http.url=/rpc/user/create/ http.status=200
✅ Successfully seeded user 59
[13:16:18.767] INFO User created event=user.create outcome=success user.id=60 user.email=user59@example.com user.role=user duration_ms=7
[13:16:18.768] INFO Sent HTTP response http.method=POST http.url=/rpc/user/create/ http.status=200
✅ Successfully seeded user 60
[13:16:18.867] INFO User created event=user.create outcome=success user.id=61 user.email=user60@example.com user.role=user duration_ms=5
[13:16:18.867] INFO Sent HTTP response http.method=POST http.url=/rpc/user/create/ http.status=200
✅ Successfully seeded user 61
[13:16:18.969] INFO User created event=user.create outcome=success user.id=62 user.email=user61@example.com user.role=user duration_ms=6
[13:16:18.970] INFO Sent HTTP response http.method=POST http.url=/rpc/user/create/ http.status=200
✅ Successfully seeded user 62
[13:16:19.071] INFO User created event=user.create outcome=success user.id=63 user.email=user62@example.com user.role=user duration_ms=6
[13:16:19.071] INFO Sent HTTP response http.method=POST http.url=/rpc/user/create/ http.status=200
✅ Successfully seeded user 63
[13:16:19.175] INFO User created event=user.create outcome=success user.id=64 user.email=user63@example.com user.role=user duration_ms=8
[13:16:19.176] INFO Sent HTTP response http.method=POST http.url=/rpc/user/create/ http.status=200
✅ Successfully seeded user 64
[13:16:19.277] INFO User created event=user.create outcome=success user.id=65 user.email=user64@example.com user.role=user duration_ms=6
[13:16:19.277] INFO Sent HTTP response http.method=POST http.url=/rpc/user/create/ http.status=200
✅ Successfully seeded user 65
[13:16:19.376] INFO User created event=user.create outcome=success user.id=66 user.email=user65@example.com user.role=user duration_ms=5
[13:16:19.377] INFO Sent HTTP response http.method=POST http.url=/rpc/user/create/ http.status=200
✅ Successfully seeded user 66
[13:16:19.478] INFO User created event=user.create outcome=success user.id=67 user.email=user66@example.com user.role=user duration_ms=5
[13:16:19.479] INFO Sent HTTP response http.method=POST http.url=/rpc/user/create/ http.status=200
✅ Successfully seeded user 67
[13:16:19.582] INFO User created event=user.create outcome=success user.id=68 user.email=user67@example.com user.role=user duration_ms=6
[13:16:19.582] INFO Sent HTTP response http.method=POST http.url=/rpc/user/create/ http.status=200
✅ Successfully seeded user 68
[13:16:19.689] INFO User created event=user.create outcome=success user.id=69 user.email=user68@example.com user.role=user duration_ms=9
[13:16:19.690] INFO Sent HTTP response http.method=POST http.url=/rpc/user/create/ http.status=200
✅ Successfully seeded user 69
[13:16:19.785] INFO User created event=user.create outcome=success user.id=70 user.email=user69@example.com user.role=user duration_ms=6
[13:16:19.785] INFO Sent HTTP response http.method=POST http.url=/rpc/user/create/ http.status=200
✅ Successfully seeded user 70
[13:16:19.887] INFO User created event=user.create outcome=success user.id=71 user.email=user70@example.com user.role=user duration_ms=6
[13:16:19.888] INFO Sent HTTP response http.method=POST http.url=/rpc/user/create/ http.status=200
✅ Successfully seeded user 71
[13:16:19.990] INFO User created event=user.create outcome=success user.id=72 user.email=user71@example.com user.role=user duration_ms=7
[13:16:19.991] INFO Sent HTTP response http.method=POST http.url=/rpc/user/create/ http.status=200
✅ Successfully seeded user 72
[13:16:20.089] INFO User created event=user.create outcome=success user.id=73 user.email=user72@example.com user.role=user duration_ms=5
[13:16:20.090] INFO Sent HTTP response http.method=POST http.url=/rpc/user/create/ http.status=200
✅ Successfully seeded user 73
[13:16:20.193] INFO User created event=user.create outcome=success user.id=74 user.email=user73@example.com user.role=user duration_ms=6
[13:16:20.193] INFO Sent HTTP response http.method=POST http.url=/rpc/user/create/ http.status=200
✅ Successfully seeded user 74
[13:16:20.295] INFO User created event=user.create outcome=success user.id=75 user.email=user74@example.com user.role=user duration_ms=6
[13:16:20.295] INFO Sent HTTP response http.method=POST http.url=/rpc/user/create/ http.status=200
✅ Successfully seeded user 75
[13:16:20.405] INFO User created event=user.create outcome=success user.id=76 user.email=user75@example.com user.role=user duration_ms=11
[13:16:20.406] INFO Sent HTTP response http.method=POST http.url=/rpc/user/create/ http.status=200
✅ Successfully seeded user 76
[13:16:20.498] INFO User created event=user.create outcome=success user.id=77 user.email=user76@example.com user.role=user duration_ms=6
[13:16:20.498] INFO Sent HTTP response http.method=POST http.url=/rpc/user/create/ http.status=200
✅ Successfully seeded user 77
[13:16:20.600] INFO User created event=user.create outcome=success user.id=78 user.email=user77@example.com user.role=user duration_ms=6
[13:16:20.600] INFO Sent HTTP response http.method=POST http.url=/rpc/user/create/ http.status=200
✅ Successfully seeded user 78
[13:16:20.701] INFO User created event=user.create outcome=success user.id=79 user.email=user78@example.com user.role=user duration_ms=5
[13:16:20.702] INFO Sent HTTP response http.method=POST http.url=/rpc/user/create/ http.status=200
✅ Successfully seeded user 79
[13:16:20.804] INFO User created event=user.create outcome=success user.id=80 user.email=user79@example.com user.role=user duration_ms=6
[13:16:20.804] INFO Sent HTTP response http.method=POST http.url=/rpc/user/create/ http.status=200
✅ Successfully seeded user 80
[13:16:20.907] INFO User created event=user.create outcome=success user.id=81 user.email=user80@example.com user.role=user duration_ms=6
[13:16:20.907] INFO Sent HTTP response http.method=POST http.url=/rpc/user/create/ http.status=200
✅ Successfully seeded user 81
[13:16:21.010] INFO User created event=user.create outcome=success user.id=82 user.email=user81@example.com user.role=user duration_ms=6
[13:16:21.010] INFO Sent HTTP response http.method=POST http.url=/rpc/user/create/ http.status=200
✅ Successfully seeded user 82
[13:16:21.112] INFO User created event=user.create outcome=success user.id=83 user.email=user82@example.com user.role=user duration_ms=7
[13:16:21.112] INFO Sent HTTP response http.method=POST http.url=/rpc/user/create/ http.status=200
✅ Successfully seeded user 83
[13:16:21.214] INFO User created event=user.create outcome=success user.id=84 user.email=user83@example.com user.role=user duration_ms=6
[13:16:21.215] INFO Sent HTTP response http.method=POST http.url=/rpc/user/create/ http.status=200
✅ Successfully seeded user 84
[13:16:21.314] INFO User created event=user.create outcome=success user.id=85 user.email=user84@example.com user.role=user duration_ms=5
[13:16:21.314] INFO Sent HTTP response http.method=POST http.url=/rpc/user/create/ http.status=200
✅ Successfully seeded user 85
[13:16:21.418] INFO User created event=user.create outcome=success user.id=86 user.email=user85@example.com user.role=user duration_ms=7
[13:16:21.419] INFO Sent HTTP response http.method=POST http.url=/rpc/user/create/ http.status=200
✅ Successfully seeded user 86
[13:16:21.518] INFO User created event=user.create outcome=success user.id=87 user.email=user86@example.com user.role=user duration_ms=6
[13:16:21.518] INFO Sent HTTP response http.method=POST http.url=/rpc/user/create/ http.status=200
✅ Successfully seeded user 87
[13:16:21.619] INFO User created event=user.create outcome=success user.id=88 user.email=user87@example.com user.role=user duration_ms=5
[13:16:21.619] INFO Sent HTTP response http.method=POST http.url=/rpc/user/create/ http.status=200
✅ Successfully seeded user 88
[13:16:21.725] INFO User created event=user.create outcome=success user.id=89 user.email=user88@example.com user.role=user duration_ms=8
[13:16:21.725] INFO Sent HTTP response http.method=POST http.url=/rpc/user/create/ http.status=200
✅ Successfully seeded user 89
[13:16:21.824] INFO User created event=user.create outcome=success user.id=90 user.email=user89@example.com user.role=user duration_ms=6
[13:16:21.824] INFO Sent HTTP response http.method=POST http.url=/rpc/user/create/ http.status=200
✅ Successfully seeded user 90
[13:16:21.925] INFO User created event=user.create outcome=success user.id=91 user.email=user90@example.com user.role=user duration_ms=5
[13:16:21.926] INFO Sent HTTP response http.method=POST http.url=/rpc/user/create/ http.status=200
✅ Successfully seeded user 91
[13:16:22.029] INFO User created event=user.create outcome=success user.id=92 user.email=user91@example.com user.role=user duration_ms=6
[13:16:22.029] INFO Sent HTTP response http.method=POST http.url=/rpc/user/create/ http.status=200
✅ Successfully seeded user 92
[13:16:22.131] INFO User created event=user.create outcome=success user.id=93 user.email=user92@example.com user.role=user duration_ms=6
[13:16:22.132] INFO Sent HTTP response http.method=POST http.url=/rpc/user/create/ http.status=200
✅ Successfully seeded user 93
[13:16:22.233] INFO User created event=user.create outcome=success user.id=94 user.email=user93@example.com user.role=user duration_ms=6
[13:16:22.234] INFO Sent HTTP response http.method=POST http.url=/rpc/user/create/ http.status=200
✅ Successfully seeded user 94
[13:16:22.335] INFO User created event=user.create outcome=success user.id=95 user.email=user94@example.com user.role=user duration_ms=5
[13:16:22.336] INFO Sent HTTP response http.method=POST http.url=/rpc/user/create/ http.status=200
✅ Successfully seeded user 95
[13:16:22.439] INFO User created event=user.create outcome=success user.id=96 user.email=user95@example.com user.role=user duration_ms=6
[13:16:22.440] INFO Sent HTTP response http.method=POST http.url=/rpc/user/create/ http.status=200
✅ Successfully seeded user 96
[13:16:22.539] INFO User created event=user.create outcome=success user.id=97 user.email=user96@example.com user.role=user duration_ms=5
[13:16:22.540] INFO Sent HTTP response http.method=POST http.url=/rpc/user/create/ http.status=200
✅ Successfully seeded user 97
[13:16:22.640] INFO User created event=user.create outcome=success user.id=98 user.email=user97@example.com user.role=user duration_ms=6
[13:16:22.640] INFO Sent HTTP response http.method=POST http.url=/rpc/user/create/ http.status=200
✅ Successfully seeded user 98
[13:16:22.742] INFO User created event=user.create outcome=success user.id=99 user.email=user98@example.com user.role=user duration_ms=5
[13:16:22.743] INFO Sent HTTP response http.method=POST http.url=/rpc/user/create/ http.status=200
✅ Successfully seeded user 99
[13:16:22.844] INFO User created event=user.create outcome=success user.id=100 user.email=user99@example.com user.role=user duration_ms=6
[13:16:22.844] INFO Sent HTTP response http.method=POST http.url=/rpc/user/create/ http.status=200
✅ Successfully seeded user 100
[13:16:22.846] INFO (#1): 100 users seeded via RPC.
[13:16:22.846] INFO (#1): Seeding 50 products via RPC...
[13:16:22.965] INFO Product created event=product.create outcome=success product.id=1 product.name=Premium Widget 1 product.price=44 product.stock=919 product.status=active duration_ms=12
[13:16:22.966] INFO Sent HTTP response http.method=POST http.url=/rpc/product/create/ http.status=200
✅ Successfully seeded product 1
[13:16:23.060] INFO Product created event=product.create outcome=success product.id=2 product.name=Ultra Widget 2 product.price=10 product.stock=276 product.status=active duration_ms=6
[13:16:23.060] INFO Sent HTTP response http.method=POST http.url=/rpc/product/create/ http.status=200
✅ Successfully seeded product 2
[13:16:23.161] INFO Product created event=product.create outcome=success product.id=3 product.name=Mega Widget 3 product.price=53 product.stock=298 product.status=active duration_ms=6
[13:16:23.161] INFO Sent HTTP response http.method=POST http.url=/rpc/product/create/ http.status=200
✅ Successfully seeded product 3
[13:16:23.263] INFO Product created event=product.create outcome=success product.id=4 product.name=Super Widget 4 product.price=46 product.stock=249 product.status=active duration_ms=5
[13:16:23.263] INFO Sent HTTP response http.method=POST http.url=/rpc/product/create/ http.status=200
✅ Successfully seeded product 4
[13:16:23.365] INFO Product created event=product.create outcome=success product.id=5 product.name=Hyper Widget 5 product.price=65 product.stock=554 product.status=active duration_ms=6
[13:16:23.365] INFO Sent HTTP response http.method=POST http.url=/rpc/product/create/ http.status=200
✅ Successfully seeded product 5
[13:16:23.465] INFO Product created event=product.create outcome=success product.id=6 product.name=Elite Widget 6 product.price=17 product.stock=748 product.status=active duration_ms=5
[13:16:23.466] INFO Sent HTTP response http.method=POST http.url=/rpc/product/create/ http.status=200
✅ Successfully seeded product 6
[13:16:23.567] INFO Product created event=product.create outcome=success product.id=7 product.name=Pro Widget 7 product.price=53 product.stock=483 product.status=active duration_ms=6
[13:16:23.567] INFO Sent HTTP response http.method=POST http.url=/rpc/product/create/ http.status=200
✅ Successfully seeded product 7
[13:16:23.669] INFO Product created event=product.create outcome=success product.id=8 product.name=Advanced Widget 8 product.price=56 product.stock=535 product.status=active duration_ms=5
[13:16:23.670] INFO Sent HTTP response http.method=POST http.url=/rpc/product/create/ http.status=200
✅ Successfully seeded product 8
[13:16:23.772] INFO Product created event=product.create outcome=success product.id=9 product.name=Classic Widget 9 product.price=86 product.stock=833 product.status=active duration_ms=6
[13:16:23.773] INFO Sent HTTP response http.method=POST http.url=/rpc/product/create/ http.status=200
✅ Successfully seeded product 9
[13:16:23.873] INFO Product created event=product.create outcome=success product.id=10 product.name=Modern Widget 10 product.price=54 product.stock=869 product.status=active duration_ms=7
[13:16:23.873] INFO Sent HTTP response http.method=POST http.url=/rpc/product/create/ http.status=200
✅ Successfully seeded product 10
[13:16:23.975] INFO Product created event=product.create outcome=success product.id=11 product.name=Smart Widget 11 product.price=75 product.stock=123 product.status=active duration_ms=6
[13:16:23.975] INFO Sent HTTP response http.method=POST http.url=/rpc/product/create/ http.status=200
✅ Successfully seeded product 11
[13:16:24.076] INFO Product created event=product.create outcome=success product.id=12 product.name=Eco Widget 12 product.price=22 product.stock=568 product.status=active duration_ms=6
[13:16:24.076] INFO Sent HTTP response http.method=POST http.url=/rpc/product/create/ http.status=200
✅ Successfully seeded product 12
[13:16:24.177] INFO Product created event=product.create outcome=success product.id=13 product.name=Deluxe Widget 13 product.price=27 product.stock=846 product.status=active duration_ms=5
[13:16:24.178] INFO Sent HTTP response http.method=POST http.url=/rpc/product/create/ http.status=200
✅ Successfully seeded product 13
[13:16:24.279] INFO Product created event=product.create outcome=success product.id=14 product.name=Prime Widget 14 product.price=89 product.stock=851 product.status=active duration_ms=6
[13:16:24.279] INFO Sent HTTP response http.method=POST http.url=/rpc/product/create/ http.status=200
✅ Successfully seeded product 14
[13:16:24.379] INFO Product created event=product.create outcome=success product.id=15 product.name=Turbo Widget 15 product.price=44 product.stock=819 product.status=active duration_ms=5
[13:16:24.380] INFO Sent HTTP response http.method=POST http.url=/rpc/product/create/ http.status=200
✅ Successfully seeded product 15
[13:16:24.482] INFO Product created event=product.create outcome=success product.id=16 product.name=Premium Gadget 16 product.price=25 product.stock=828 product.status=active duration_ms=6
[13:16:24.482] INFO Sent HTTP response http.method=POST http.url=/rpc/product/create/ http.status=200
✅ Successfully seeded product 16
[13:16:24.583] INFO Product created event=product.create outcome=success product.id=17 product.name=Ultra Gadget 17 product.price=76 product.stock=710 product.status=active duration_ms=5
[13:16:24.583] INFO Sent HTTP response http.method=POST http.url=/rpc/product/create/ http.status=200
✅ Successfully seeded product 17
[13:16:24.685] INFO Product created event=product.create outcome=success product.id=18 product.name=Mega Gadget 18 product.price=22 product.stock=423 product.status=active duration_ms=6
[13:16:24.685] INFO Sent HTTP response http.method=POST http.url=/rpc/product/create/ http.status=200
✅ Successfully seeded product 18
[13:16:24.787] INFO Product created event=product.create outcome=success product.id=19 product.name=Super Gadget 19 product.price=89 product.stock=360 product.status=active duration_ms=6
[13:16:24.787] INFO Sent HTTP response http.method=POST http.url=/rpc/product/create/ http.status=200
✅ Successfully seeded product 19
[13:16:24.889] INFO Product created event=product.create outcome=success product.id=20 product.name=Hyper Gadget 20 product.price=30 product.stock=970 product.status=active duration_ms=7
[13:16:24.889] INFO Sent HTTP response http.method=POST http.url=/rpc/product/create/ http.status=200
✅ Successfully seeded product 20
[13:16:24.992] INFO Product created event=product.create outcome=success product.id=21 product.name=Elite Gadget 21 product.price=29 product.stock=868 product.status=active duration_ms=7
[13:16:24.992] INFO Sent HTTP response http.method=POST http.url=/rpc/product/create/ http.status=200
✅ Successfully seeded product 21
[13:16:25.092] INFO Product created event=product.create outcome=success product.id=22 product.name=Pro Gadget 22 product.price=13 product.stock=507 product.status=active duration_ms=6
[13:16:25.092] INFO Sent HTTP response http.method=POST http.url=/rpc/product/create/ http.status=200
✅ Successfully seeded product 22
[13:16:25.193] INFO Product created event=product.create outcome=success product.id=23 product.name=Advanced Gadget 23 product.price=83 product.stock=966 product.status=active duration_ms=6
[13:16:25.193] INFO Sent HTTP response http.method=POST http.url=/rpc/product/create/ http.status=200
✅ Successfully seeded product 23
[13:16:25.294] INFO Product created event=product.create outcome=success product.id=24 product.name=Classic Gadget 24 product.price=95 product.stock=448 product.status=active duration_ms=6
[13:16:25.295] INFO Sent HTTP response http.method=POST http.url=/rpc/product/create/ http.status=200
✅ Successfully seeded product 24
[13:16:25.394] INFO Product created event=product.create outcome=success product.id=25 product.name=Modern Gadget 25 product.price=90 product.stock=195 product.status=active duration_ms=5
[13:16:25.394] INFO Sent HTTP response http.method=POST http.url=/rpc/product/create/ http.status=200
✅ Successfully seeded product 25
[13:16:25.497] INFO Product created event=product.create outcome=success product.id=26 product.name=Smart Gadget 26 product.price=10 product.stock=889 product.status=active duration_ms=6
[13:16:25.497] INFO Sent HTTP response http.method=POST http.url=/rpc/product/create/ http.status=200
✅ Successfully seeded product 26
[13:16:25.599] INFO Product created event=product.create outcome=success product.id=27 product.name=Eco Gadget 27 product.price=96 product.stock=700 product.status=active duration_ms=6
[13:16:25.599] INFO Sent HTTP response http.method=POST http.url=/rpc/product/create/ http.status=200
✅ Successfully seeded product 27
[13:16:25.700] INFO Product created event=product.create outcome=success product.id=28 product.name=Deluxe Gadget 28 product.price=35 product.stock=121 product.status=active duration_ms=6
[13:16:25.700] INFO Sent HTTP response http.method=POST http.url=/rpc/product/create/ http.status=200
✅ Successfully seeded product 28
[13:16:25.808] INFO Product created event=product.create outcome=success product.id=29 product.name=Prime Gadget 29 product.price=54 product.stock=854 product.status=active duration_ms=13
[13:16:25.809] INFO Sent HTTP response http.method=POST http.url=/rpc/product/create/ http.status=200
✅ Successfully seeded product 29
[13:16:25.903] INFO Product created event=product.create outcome=success product.id=30 product.name=Turbo Gadget 30 product.price=47 product.stock=288 product.status=active duration_ms=7
[13:16:25.904] INFO Sent HTTP response http.method=POST http.url=/rpc/product/create/ http.status=200
✅ Successfully seeded product 30
[13:16:26.003] INFO Product created event=product.create outcome=success product.id=31 product.name=Premium Tool 31 product.price=38 product.stock=701 product.status=active duration_ms=6
[13:16:26.004] INFO Sent HTTP response http.method=POST http.url=/rpc/product/create/ http.status=200
✅ Successfully seeded product 31
[13:16:26.105] INFO Product created event=product.create outcome=success product.id=32 product.name=Ultra Tool 32 product.price=66 product.stock=317 product.status=active duration_ms=7
[13:16:26.105] INFO Sent HTTP response http.method=POST http.url=/rpc/product/create/ http.status=200
✅ Successfully seeded product 32
[13:16:26.208] INFO Product created event=product.create outcome=success product.id=33 product.name=Mega Tool 33 product.price=52 product.stock=347 product.status=active duration_ms=7
[13:16:26.209] INFO Sent HTTP response http.method=POST http.url=/rpc/product/create/ http.status=200
✅ Successfully seeded product 33
[13:16:26.310] INFO Product created event=product.create outcome=success product.id=34 product.name=Super Tool 34 product.price=74 product.stock=594 product.status=active duration_ms=6
[13:16:26.311] INFO Sent HTTP response http.method=POST http.url=/rpc/product/create/ http.status=200
✅ Successfully seeded product 34
[13:16:26.412] INFO Product created event=product.create outcome=success product.id=35 product.name=Hyper Tool 35 product.price=14 product.stock=851 product.status=active duration_ms=6
[13:16:26.413] INFO Sent HTTP response http.method=POST http.url=/rpc/product/create/ http.status=200
✅ Successfully seeded product 35
[13:16:26.513] INFO Product created event=product.create outcome=success product.id=36 product.name=Elite Tool 36 product.price=58 product.stock=224 product.status=active duration_ms=7
[13:16:26.513] INFO Sent HTTP response http.method=POST http.url=/rpc/product/create/ http.status=200
✅ Successfully seeded product 36
[13:16:26.614] INFO Product created event=product.create outcome=success product.id=37 product.name=Pro Tool 37 product.price=43 product.stock=493 product.status=active duration_ms=6
[13:16:26.615] INFO Sent HTTP response http.method=POST http.url=/rpc/product/create/ http.status=200
✅ Successfully seeded product 37
[13:16:26.716] INFO Product created event=product.create outcome=success product.id=38 product.name=Advanced Tool 38 product.price=90 product.stock=560 product.status=active duration_ms=6
[13:16:26.716] INFO Sent HTTP response http.method=POST http.url=/rpc/product/create/ http.status=200
✅ Successfully seeded product 38
[13:16:26.818] INFO Product created event=product.create outcome=success product.id=39 product.name=Classic Tool 39 product.price=71 product.stock=548 product.status=active duration_ms=6
[13:16:26.819] INFO Sent HTTP response http.method=POST http.url=/rpc/product/create/ http.status=200
✅ Successfully seeded product 39
[13:16:26.919] INFO Product created event=product.create outcome=success product.id=40 product.name=Modern Tool 40 product.price=81 product.stock=285 product.status=active duration_ms=6
[13:16:26.919] INFO Sent HTTP response http.method=POST http.url=/rpc/product/create/ http.status=200
✅ Successfully seeded product 40
[13:16:27.028] INFO Product created event=product.create outcome=success product.id=41 product.name=Smart Tool 41 product.price=38 product.stock=226 product.status=active duration_ms=12
[13:16:27.028] INFO Sent HTTP response http.method=POST http.url=/rpc/product/create/ http.status=200
✅ Successfully seeded product 41
[13:16:27.125] INFO Product created event=product.create outcome=success product.id=42 product.name=Eco Tool 42 product.price=12 product.stock=924 product.status=active duration_ms=7
[13:16:27.126] INFO Sent HTTP response http.method=POST http.url=/rpc/product/create/ http.status=200
✅ Successfully seeded product 42
[13:16:27.229] INFO Product created event=product.create outcome=success product.id=43 product.name=Deluxe Tool 43 product.price=35 product.stock=368 product.status=active duration_ms=9
[13:16:27.229] INFO Sent HTTP response http.method=POST http.url=/rpc/product/create/ http.status=200
✅ Successfully seeded product 43
[13:16:27.327] INFO Product created event=product.create outcome=success product.id=44 product.name=Prime Tool 44 product.price=28 product.stock=863 product.status=active duration_ms=6
[13:16:27.327] INFO Sent HTTP response http.method=POST http.url=/rpc/product/create/ http.status=200
✅ Successfully seeded product 44
[13:16:27.429] INFO Product created event=product.create outcome=success product.id=45 product.name=Turbo Tool 45 product.price=84 product.stock=928 product.status=active duration_ms=7
[13:16:27.429] INFO Sent HTTP response http.method=POST http.url=/rpc/product/create/ http.status=200
✅ Successfully seeded product 45
[13:16:27.532] INFO Product created event=product.create outcome=success product.id=46 product.name=Premium Device 46 product.price=14 product.stock=702 product.status=active duration_ms=8
[13:16:27.533] INFO Sent HTTP response http.method=POST http.url=/rpc/product/create/ http.status=200
✅ Successfully seeded product 46
[13:16:27.633] INFO Product created event=product.create outcome=success product.id=47 product.name=Ultra Device 47 product.price=59 product.stock=946 product.status=active duration_ms=7
[13:16:27.633] INFO Sent HTTP response http.method=POST http.url=/rpc/product/create/ http.status=200
✅ Successfully seeded product 47
[13:16:27.733] INFO Product created event=product.create outcome=success product.id=48 product.name=Mega Device 48 product.price=21 product.stock=711 product.status=active duration_ms=6
[13:16:27.734] INFO Sent HTTP response http.method=POST http.url=/rpc/product/create/ http.status=200
✅ Successfully seeded product 48
[13:16:27.834] INFO Product created event=product.create outcome=success product.id=49 product.name=Super Device 49 product.price=31 product.stock=836 product.status=active duration_ms=6
[13:16:27.835] INFO Sent HTTP response http.method=POST http.url=/rpc/product/create/ http.status=200
✅ Successfully seeded product 49
[13:16:27.936] INFO Product created event=product.create outcome=success product.id=50 product.name=Hyper Device 50 product.price=18 product.stock=792 product.status=active duration_ms=6
[13:16:27.936] INFO Sent HTTP response http.method=POST http.url=/rpc/product/create/ http.status=200
✅ Successfully seeded product 50
[13:16:27.938] INFO (#1): 50 products seeded via RPC.
[13:16:27.938] INFO (#1): Simulating 50000 carts & checkouts...
[13:16:28.226] INFO Checkout completed event=checkout outcome=success user.id=83 user.available_amount_before=38494 cart.item_count=1 cart.total_cents=74 payment.id=1 payment.status=completed payment.method=card payment.provider=mock_gateway payment.latency_ms=102 duration_ms=207
[13:16:28.228] INFO Sent HTTP response http.method=POST http.url=/rpc/payment/ http.status=200
[13:16:28.261] INFO Checkout completed event=checkout outcome=success user.id=26 user.available_amount_before=7335 cart.item_count=1 cart.total_cents=18 payment.id=8 payment.status=completed payment.method=card payment.provider=mock_gateway payment.latency_ms=102 duration_ms=228
[13:16:28.262] INFO Checkout completed event=checkout outcome=success user.id=18 user.available_amount_before=6917 cart.item_count=1 cart.total_cents=190 payment.id=6 payment.status=completed payment.method=card payment.provider=mock_gateway payment.latency_ms=102 duration_ms=231
[13:16:28.262] INFO Checkout completed event=checkout outcome=success user.id=76 user.available_amount_before=14443 cart.item_count=1 cart.total_cents=114 payment.id=12 payment.status=completed payment.method=card payment.provider=mock_gateway payment.latency_ms=101 duration_ms=222
[13:16:28.262] INFO Checkout completed event=checkout outcome=success user.id=31 user.available_amount_before=33361 cart.item_count=1 cart.total_cents=20 payment.id=7 payment.status=completed payment.method=card payment.provider=mock_gateway payment.latency_ms=102 duration_ms=231
[13:16:28.263] INFO Checkout completed event=checkout outcome=success user.id=24 user.available_amount_before=1275 cart.item_count=1 cart.total_cents=59 payment.id=5 payment.status=completed payment.method=card payment.provider=mock_gateway payment.latency_ms=102 duration_ms=238
[13:16:28.263] INFO Checkout completed event=checkout outcome=success user.id=6 user.available_amount_before=37032 cart.item_count=1 cart.total_cents=168 payment.id=10 payment.status=completed payment.method=card payment.provider=mock_gateway payment.latency_ms=101 duration_ms=227
[13:16:28.264] INFO Checkout completed event=checkout outcome=success user.id=27 user.available_amount_before=18237 cart.item_count=1 cart.total_cents=118 payment.id=2 payment.status=completed payment.method=card payment.provider=mock_gateway payment.latency_ms=100 duration_ms=244
[13:16:28.264] INFO Checkout completed event=checkout outcome=success user.id=19 user.available_amount_before=27120 cart.item_count=1 cart.total_cents=225 payment.id=3 payment.status=completed payment.method=card payment.provider=mock_gateway payment.latency_ms=100 duration_ms=235
[13:16:28.264] INFO Checkout completed event=checkout outcome=success user.id=63 user.available_amount_before=9130 cart.item_count=2 cart.total_cents=88 payment.id=9 payment.status=completed payment.method=card payment.provider=mock_gateway payment.latency_ms=102 duration_ms=239
[13:16:28.265] INFO Sent HTTP response http.method=POST http.url=/rpc/payment/ http.status=200
[13:16:28.265] INFO Sent HTTP response http.method=POST http.url=/rpc/payment/ http.status=200
[13:16:28.265] INFO Sent HTTP response http.method=POST http.url=/rpc/payment/ http.status=200
[13:16:28.266] INFO Sent HTTP response http.method=POST http.url=/rpc/payment/ http.status=200
[13:16:28.266] INFO Sent HTTP response http.method=POST http.url=/rpc/payment/ http.status=200
[13:16:28.266] INFO Sent HTTP response http.method=POST http.url=/rpc/payment/ http.status=200
[13:16:28.266] INFO Sent HTTP response http.method=POST http.url=/rpc/payment/ http.status=200
[13:16:28.266] INFO Sent HTTP response http.method=POST http.url=/rpc/payment/ http.status=200
[13:16:28.266] INFO Sent HTTP response http.method=POST http.url=/rpc/payment/ http.status=200
[13:16:28.268] INFO Checkout completed event=checkout outcome=success user.id=9 user.available_amount_before=36617 cart.item_count=1 cart.total_cents=142 payment.id=15 payment.status=completed payment.method=card payment.provider=mock_gateway payment.latency_ms=102 duration_ms=216
[13:16:28.268] INFO Sent HTTP response http.method=POST http.url=/rpc/payment/ http.status=200
[13:16:28.273] INFO Checkout completed event=checkout outcome=success user.id=43 user.available_amount_before=15789 cart.item_count=1 cart.total_cents=225 payment.id=13 payment.status=completed payment.method=card payment.provider=mock_gateway payment.latency_ms=101 duration_ms=232
[13:16:28.274] INFO Sent HTTP response http.method=POST http.url=/rpc/payment/ http.status=200
[13:16:28.278] INFO Checkout completed event=checkout outcome=success user.id=59 user.available_amount_before=45053 cart.item_count=1 cart.total_cents=66 payment.id=14 payment.status=completed payment.method=card payment.provider=mock_gateway payment.latency_ms=101 duration_ms=237
[13:16:28.278] INFO Checkout completed event=checkout outcome=success user.id=99 user.available_amount_before=12685 cart.item_count=2 cart.total_cents=375 payment.id=20 payment.status=completed payment.method=card payment.provider=mock_gateway payment.latency_ms=101 duration_ms=250
[13:16:28.279] INFO Checkout completed event=checkout outcome=success user.id=84 user.available_amount_before=39292 cart.item_count=2 cart.total_cents=281 payment.id=22 payment.status=completed payment.method=card payment.provider=mock_gateway payment.latency_ms=101 duration_ms=251
[13:16:28.279] INFO Sent HTTP response http.method=POST http.url=/rpc/payment/ http.status=200
[13:16:28.279] INFO Sent HTTP response http.method=POST http.url=/rpc/payment/ http.status=200
[13:16:28.279] INFO Sent HTTP response http.method=POST http.url=/rpc/payment/ http.status=200
[13:16:28.280] INFO Checkout completed event=checkout outcome=success user.id=64 user.available_amount_before=48493 cart.item_count=2 cart.total_cents=110 payment.id=26 payment.status=completed payment.method=card payment.provider=mock_gateway payment.latency_ms=101 duration_ms=245
[13:16:28.280] INFO Checkout completed event=checkout outcome=success user.id=9 user.available_amount_before=36617 cart.item_count=1 cart.total_cents=252 payment.id=16 payment.status=completed payment.method=card payment.provider=mock_gateway payment.latency_ms=101 duration_ms=226
[13:16:28.281] INFO Checkout completed event=checkout outcome=success user.id=46 user.available_amount_before=14195 cart.item_count=2 cart.total_cents=254 payment.id=30 payment.status=completed payment.method=card payment.provider=mock_gateway payment.latency_ms=101 duration_ms=244
[13:16:28.281] INFO Checkout completed event=checkout outcome=success user.id=51 user.available_amount_before=47665 cart.item_count=1 cart.total_cents=28 payment.id=21 payment.status=completed payment.method=card payment.provider=mock_gateway payment.latency_ms=102 duration_ms=223
[13:16:28.281] INFO Checkout completed event=checkout outcome=success user.id=28 user.available_amount_before=34402 cart.item_count=1 cart.total_cents=88 payment.id=19 payment.status=completed payment.method=card payment.provider=mock_gateway payment.latency_ms=101 duration_ms=223
[13:16:28.282] INFO Checkout completed event=checkout outcome=success user.id=13 user.available_amount_before=9107 cart.item_count=1 cart.total_cents=178 payment.id=18 payment.status=completed payment.method=card payment.provider=mock_gateway payment.latency_ms=101 duration_ms=226
[13:16:28.282] INFO Sent HTTP response http.method=POST http.url=/rpc/payment/ http.status=200
[13:16:28.282] INFO Sent HTTP response http.method=POST http.url=/rpc/payment/ http.status=200
[13:16:28.283] INFO Sent HTTP response http.method=POST http.url=/rpc/payment/ http.status=200
[13:16:28.283] INFO Sent HTTP response http.method=POST http.url=/rpc/payment/ http.status=200
[13:16:28.283] INFO Sent HTTP response http.method=POST http.url=/rpc/payment/ http.status=200
[13:16:28.283] INFO Sent HTTP response http.method=POST http.url=/rpc/payment/ http.status=200
[13:16:28.284] INFO Checkout completed event=checkout outcome=success user.id=24 user.available_amount_before=1275 cart.item_count=2 cart.total_cents=158 payment.id=27 payment.status=completed payment.method=card payment.provider=mock_gateway payment.latency_ms=101 duration_ms=248
[13:16:28.285] INFO Sent HTTP response http.method=POST http.url=/rpc/payment/ http.status=200
[13:16:28.289] INFO Checkout completed event=checkout outcome=success user.id=6 user.available_amount_before=37032 cart.item_count=2 cart.total_cents=81 payment.id=32 payment.status=completed payment.method=card payment.provider=mock_gateway payment.latency_ms=101 duration_ms=250
[13:16:28.290] INFO Sent HTTP response http.method=POST http.url=/rpc/payment/ http.status=200
[13:16:28.294] INFO Checkout completed event=checkout outcome=success user.id=86 user.available_amount_before=45925 cart.item_count=2 cart.total_cents=115 payment.id=43 payment.status=completed payment.method=card payment.provider=mock_gateway payment.latency_ms=102 duration_ms=237
[13:16:28.294] INFO Checkout completed event=checkout outcome=success user.id=68 user.available_amount_before=3941 cart.item_count=2 cart.total_cents=289 payment.id=33 payment.status=completed payment.method=card payment.provider=mock_gateway payment.latency_ms=101 duration_ms=254
[13:16:28.294] INFO Checkout completed event=checkout outcome=success user.id=13 user.available_amount_before=9107 cart.item_count=2 cart.total_cents=447 payment.id=40 payment.status=completed payment.method=card payment.provider=mock_gateway payment.latency_ms=101 duration_ms=238
[13:16:28.295] INFO Sent HTTP response http.method=POST http.url=/rpc/payment/ http.status=200
[13:16:28.295] INFO Sent HTTP response http.method=POST http.url=/rpc/payment/ http.status=200
[13:16:28.295] INFO Sent HTTP response http.method=POST http.url=/rpc/payment/ http.status=200
[13:16:28.295] INFO Checkout completed event=checkout outcome=success user.id=58 user.available_amount_before=26224 cart.item_count=2 cart.total_cents=128 payment.id=44 payment.status=completed payment.method=card payment.provider=mock_gateway payment.latency_ms=101 duration_ms=237
[13:16:28.296] INFO Checkout completed event=checkout outcome=success user.id=36 user.available_amount_before=13134 cart.item_count=2 cart.total_cents=118 payment.id=34 payment.status=completed payment.method=card payment.provider=mock_gateway payment.latency_ms=101 duration_ms=255
[13:16:28.296] INFO Checkout completed event=checkout outcome=success user.id=79 user.available_amount_before=7911 cart.item_count=2 cart.total_cents=68 payment.id=29 payment.status=completed payment.method=card payment.provider=mock_gateway payment.latency_ms=101 duration_ms=259
[13:16:28.297] INFO Checkout completed event=checkout outcome=success user.id=57 user.available_amount_before=37234 cart.item_count=2 cart.total_cents=149 payment.id=39 payment.status=completed payment.method=card payment.provider=mock_gateway payment.latency_ms=101 duration_ms=242
[13:16:28.297] INFO Checkout completed event=checkout outcome=success user.id=29 user.available_amount_before=37182 cart.item_count=3 cart.total_cents=353 payment.id=45 payment.status=completed payment.method=card payment.provider=mock_gateway payment.latency_ms=102 duration_ms=269
[13:16:28.297] INFO Checkout completed event=checkout outcome=success user.id=26 user.available_amount_before=7335 cart.item_count=2 cart.total_cents=57 payment.id=42 payment.status=completed payment.method=card payment.provider=mock_gateway payment.latency_ms=101 duration_ms=240
[13:16:28.298] INFO Sent HTTP response http.method=POST http.url=/rpc/payment/ http.status=200
[13:16:28.298] INFO Sent HTTP response http.method=POST http.url=/rpc/payment/ http.status=200
[13:16:28.298] INFO Sent HTTP response http.method=POST http.url=/rpc/payment/ http.status=200
[13:16:28.298] INFO Sent HTTP response http.method=POST http.url=/rpc/payment/ http.status=200
[13:16:28.298] INFO Sent HTTP response http.method=POST http.url=/rpc/payment/ http.status=200
[13:16:28.299] INFO Sent HTTP response http.method=POST http.url=/rpc/payment/ http.status=200
[13:16:28.300] INFO Checkout completed event=checkout outcome=success user.id=98 user.available_amount_before=3388 cart.item_count=2 cart.total_cents=234 payment.id=38 payment.status=completed payment.method=card payment.provider=mock_gateway payment.latency_ms=102 duration_ms=247
[13:16:28.300] INFO Sent HTTP response http.method=POST http.url=/rpc/payment/ http.status=200
[13:16:28.304] INFO Checkout completed event=checkout outcome=success user.id=33 user.available_amount_before=43120 cart.item_count=3 cart.total_cents=153 payment.id=48 payment.status=completed payment.method=card payment.provider=mock_gateway payment.latency_ms=101 duration_ms=276
[13:16:28.305] INFO Sent HTTP response http.method=POST http.url=/rpc/payment/ http.status=200
[13:16:28.309] INFO Checkout completed event=checkout outcome=success user.id=19 user.available_amount_before=27120 cart.item_count=3 cart.total_cents=506 payment.id=54 payment.status=completed payment.method=card payment.provider=mock_gateway payment.latency_ms=103 duration_ms=269
[13:16:28.309] INFO Checkout completed event=checkout outcome=success user.id=46 user.available_amount_before=14195 cart.item_count=3 cart.total_cents=738 payment.id=52 payment.status=completed payment.method=card payment.provider=mock_gateway payment.latency_ms=100 duration_ms=272
[13:16:28.310] INFO Sent HTTP response http.method=POST http.url=/rpc/payment/ http.status=200
[13:16:28.310] INFO Sent HTTP response http.method=POST http.url=/rpc/payment/ http.status=200
[13:16:28.310] INFO Checkout completed event=checkout outcome=success user.id=53 user.available_amount_before=27491 cart.item_count=3 cart.total_cents=267 payment.id=53 payment.status=completed payment.method=card payment.provider=mock_gateway payment.latency_ms=103 duration_ms=272
[13:16:28.310] INFO Checkout completed event=checkout outcome=success user.id=41 user.available_amount_before=15966 cart.item_count=3 cart.total_cents=279 payment.id=58 payment.status=completed payment.method=card payment.provider=mock_gateway payment.latency_ms=100 duration_ms=253
[13:16:28.311] INFO Checkout completed event=checkout outcome=success user.id=86 user.available_amount_before=45925 cart.item_count=3 cart.total_cents=64 payment.id=49 payment.status=completed payment.method=card payment.provider=mock_gateway payment.latency_ms=100 duration_ms=290
[13:16:28.311] INFO Checkout completed event=checkout outcome=success user.id=16 user.available_amount_before=31059 cart.item_count=3 cart.total_cents=155 payment.id=56 payment.status=completed payment.method=card payment.provider=mock_gateway payment.latency_ms=101 duration_ms=256
[13:16:28.311] INFO Checkout completed event=checkout outcome=success user.id=98 user.available_amount_before=3388 cart.item_count=3 cart.total_cents=182 payment.id=46 payment.status=completed payment.method=card payment.provider=mock_gateway payment.latency_ms=100 duration_ms=283
[13:16:28.312] INFO Checkout completed event=checkout outcome=success user.id=23 user.available_amount_before=6602 cart.item_count=3 cart.total_cents=395 payment.id=50 payment.status=completed payment.method=card payment.provider=mock_gateway payment.latency_ms=100 duration_ms=289
[13:16:28.312] INFO Checkout completed event=checkout outcome=success user.id=78 user.available_amount_before=21667 cart.item_count=3 cart.total_cents=322 payment.id=57 payment.status=completed payment.method=card payment.provider=mock_gateway payment.latency_ms=101 duration_ms=256
[13:16:28.312] INFO Sent HTTP response http.method=POST http.url=/rpc/payment/ http.status=200
[13:16:28.312] INFO Sent HTTP response http.method=POST http.url=/rpc/payment/ http.status=200
[13:16:28.313] INFO Sent HTTP response http.method=POST http.url=/rpc/payment/ http.status=200
[13:16:28.313] INFO Sent HTTP response http.method=POST http.url=/rpc/payment/ http.status=200
[13:16:28.313] INFO Sent HTTP response http.method=POST http.url=/rpc/payment/ http.status=200
[13:16:28.313] INFO Sent HTTP response http.method=POST http.url=/rpc/payment/ http.status=200
[13:16:28.313] INFO Sent HTTP response http.method=POST http.url=/rpc/payment/ http.status=200
[13:16:28.317] INFO Checkout completed event=checkout outcome=success user.id=27 user.available_amount_before=18237 cart.item_count=4 cart.total_cents=378 payment.id=62 payment.status=completed payment.method=card payment.provider=mock_gateway payment.latency_ms=100 duration_ms=294
[13:16:28.317] INFO Sent HTTP response http.method=POST http.url=/rpc/payment/ http.status=200
[13:16:28.322] INFO Checkout completed event=checkout outcome=success user.id=71 user.available_amount_before=42075 cart.item_count=4 cart.total_cents=260 payment.id=67 payment.status=completed payment.method=card payment.provider=mock_gateway payment.latency_ms=100 duration_ms=284
[13:16:28.322] INFO Sent HTTP response http.method=POST http.url=/rpc/payment/ http.status=200
[13:16:28.326] INFO Checkout completed event=checkout outcome=success user.id=18 user.available_amount_before=6917 cart.item_count=4 cart.total_cents=571 payment.id=70 payment.status=completed payment.method=card payment.provider=mock_gateway payment.latency_ms=100 duration_ms=285
[13:16:28.326] INFO Sent HTTP response http.method=POST http.url=/rpc/payment/ http.status=200
[13:16:28.327] INFO Checkout completed event=checkout outcome=success user.id=69 user.available_amount_before=26839 cart.item_count=4 cart.total_cents=222 payment.id=63 payment.status=completed payment.method=card payment.provider=mock_gateway payment.latency_ms=102 duration_ms=298
[13:16:28.327] INFO Checkout completed event=checkout outcome=success user.id=32 user.available_amount_before=35682 cart.item_count=5 cart.total_cents=530 payment.id=71 payment.status=completed payment.method=card payment.provider=mock_gateway payment.latency_ms=100 duration_ms=302
[13:16:28.327] INFO Checkout completed event=checkout outcome=success user.id=82 user.available_amount_before=39482 cart.item_count=4 cart.total_cents=248 payment.id=60 payment.status=completed payment.method=card payment.provider=mock_gateway payment.latency_ms=101 duration_ms=297
[13:16:28.328] INFO Checkout completed event=checkout outcome=success user.id=34 user.available_amount_before=22076 cart.item_count=4 cart.total_cents=287 payment.id=65 payment.status=completed payment.method=card payment.provider=mock_gateway payment.latency_ms=101 duration_ms=298
[13:16:28.328] INFO Checkout completed event=checkout outcome=success user.id=52 user.available_amount_before=31821 cart.item_count=4 cart.total_cents=618 payment.id=68 payment.status=completed payment.method=card payment.provider=mock_gateway payment.latency_ms=103 duration_ms=289
[13:16:28.328] INFO Checkout completed event=checkout outcome=success user.id=59 user.available_amount_before=45053 cart.item_count=4 cart.total_cents=323 payment.id=74 payment.status=completed payment.method=card payment.provider=mock_gateway payment.latency_ms=100 duration_ms=274
[13:16:28.328] INFO Checkout completed event=checkout outcome=success user.id=58 user.available_amount_before=26224 cart.item_count=5 cart.total_cents=313 payment.id=78 payment.status=completed payment.method=card payment.provider=mock_gateway payment.latency_ms=102 duration_ms=299
[13:16:28.329] INFO Checkout completed event=checkout outcome=success user.id=9 user.available_amount_before=36617 cart.item_count=3 cart.total_cents=255 payment.id=61 payment.status=completed payment.method=card payment.provider=mock_gateway payment.latency_ms=100 duration_ms=270
[13:16:28.329] INFO Sent HTTP response http.method=POST http.url=/rpc/payment/ http.status=200
[13:16:28.329] INFO Sent HTTP response http.method=POST http.url=/rpc/payment/ http.status=200
[13:16:28.329] INFO Sent HTTP response http.method=POST http.url=/rpc/payment/ http.status=200
[13:16:28.329] INFO Sent HTTP response http.method=POST http.url=/rpc/payment/ http.status=200
[13:16:28.329] INFO Sent HTTP response http.method=POST http.url=/rpc/payment/ http.status=200
[13:16:28.329] INFO Sent HTTP response http.method=POST http.url=/rpc/payment/ http.status=200
[13:16:28.330] INFO Sent HTTP response http.method=POST http.url=/rpc/payment/ http.status=200
[13:16:28.330] INFO Sent HTTP response http.method=POST http.url=/rpc/payment/ http.status=200
[13:16:28.330] INFO Checkout completed event=checkout outcome=success user.id=56 user.available_amount_before=14739 cart.item_count=4 cart.total_cents=683 payment.id=72 payment.status=completed payment.method=card payment.provider=mock_gateway payment.latency_ms=101 duration_ms=277
[13:16:28.331] INFO Sent HTTP response http.method=POST http.url=/rpc/payment/ http.status=200
[13:16:28.335] INFO Checkout completed event=checkout outcome=success user.id=19 user.available_amount_before=27120 cart.item_count=4 cart.total_cents=263 payment.id=73 payment.status=completed payment.method=card payment.provider=mock_gateway payment.latency_ms=101 duration_ms=295
[13:16:28.336] INFO Sent HTTP response http.method=POST http.url=/rpc/payment/ http.status=200
[13:16:28.339] INFO Checkout completed event=checkout outcome=success user.id=22 user.available_amount_before=44817 cart.item_count=5 cart.total_cents=587 payment.id=82 payment.status=completed payment.method=card payment.provider=mock_gateway payment.latency_ms=101 duration_ms=308
[13:16:28.340] INFO Checkout completed event=checkout outcome=success user.id=53 user.available_amount_before=27491 cart.item_count=5 cart.total_cents=317 payment.id=80 payment.status=completed payment.method=card payment.provider=mock_gateway payment.latency_ms=102 duration_ms=310
[13:16:28.340] INFO Checkout completed event=checkout outcome=success user.id=72 user.available_amount_before=39525 cart.item_count=5 cart.total_cents=506 payment.id=86 payment.status=completed payment.method=card payment.provider=mock_gateway payment.latency_ms=102 duration_ms=302
[13:16:28.340] INFO Checkout completed event=checkout outcome=success user.id=91 user.available_amount_before=15535 cart.item_count=5 cart.total_cents=667 payment.id=83 payment.status=completed payment.method=card payment.provider=mock_gateway payment.latency_ms=101 duration_ms=308
[13:16:28.340] INFO Checkout completed event=checkout outcome=success user.id=61 user.available_amount_before=19619 cart.item_count=5 cart.total_cents=441 payment.id=84 payment.status=completed payment.method=card payment.provider=mock_gateway payment.latency_ms=101 duration_ms=304
[13:16:28.341] INFO Checkout completed event=checkout outcome=success user.id=63 user.available_amount_before=9130 cart.item_count=4 cart.total_cents=320 payment.id=77 payment.status=completed payment.method=card payment.provider=mock_gateway payment.latency_ms=101 duration_ms=282
[13:16:28.341] INFO Sent HTTP response http.method=POST http.url=/rpc/payment/ http.status=200
[13:16:28.341] INFO Sent HTTP response http.method=POST http.url=/rpc/payment/ http.status=200
[13:16:28.341] INFO Sent HTTP response http.method=POST http.url=/rpc/payment/ http.status=200
[13:16:28.341] INFO Sent HTTP response http.method=POST http.url=/rpc/payment/ http.status=200
[13:16:28.341] INFO Sent HTTP response http.method=POST http.url=/rpc/payment/ http.status=200
[13:16:28.342] INFO Sent HTTP response http.method=POST http.url=/rpc/payment/ http.status=200
[13:16:28.344] INFO Checkout completed event=checkout outcome=success user.id=51 user.available_amount_before=47665 cart.item_count=5 cart.total_cents=505 payment.id=87 payment.status=completed payment.method=card payment.provider=mock_gateway payment.latency_ms=101 duration_ms=306
[13:16:28.344] INFO Sent HTTP response http.method=POST http.url=/rpc/payment/ http.status=200
[13:16:28.349] INFO Checkout completed event=checkout outcome=success user.id=72 user.available_amount_before=39525 cart.item_count=5 cart.total_cents=969 payment.id=81 payment.status=completed payment.method=card payment.provider=mock_gateway payment.latency_ms=101 duration_ms=317
[13:16:28.349] INFO Checkout completed event=checkout outcome=success user.id=63 user.available_amount_before=9130 cart.item_count=5 cart.total_cents=379 payment.id=85 payment.status=completed payment.method=card payment.provider=mock_gateway payment.latency_ms=101 duration_ms=311
[13:16:28.349] INFO Sent HTTP response http.method=POST http.url=/rpc/payment/ http.status=200
[13:16:28.349] INFO Sent HTTP response http.method=POST http.url=/rpc/payment/ http.status=200
[13:16:28.355] INFO Checkout completed event=checkout outcome=success user.id=58 user.available_amount_before=26224 cart.item_count=5 cart.total_cents=396 payment.id=90 payment.status=completed payment.method=card payment.provider=mock_gateway payment.latency_ms=102 duration_ms=313
[13:16:28.355] INFO Sent HTTP response http.method=POST http.url=/rpc/payment/ http.status=200
[13:16:28.359] INFO Checkout completed event=checkout outcome=success user.id=52 user.available_amount_before=31821 cart.item_count=5 cart.total_cents=553 payment.id=98 payment.status=completed payment.method=card payment.provider=mock_gateway payment.latency_ms=100 duration_ms=304
[13:16:28.359] INFO Checkout completed event=checkout outcome=success user.id=12 user.available_amount_before=26620 cart.item_count=5 cart.total_cents=515 payment.id=92 payment.status=completed payment.method=card payment.provider=mock_gateway payment.latency_ms=100 duration_ms=318
[13:16:28.360] INFO Sent HTTP response http.method=POST http.url=/rpc/payment/ http.status=200
[13:16:28.360] INFO Sent HTTP response http.method=POST http.url=/rpc/payment/ http.status=200
[13:16:28.363] INFO Checkout completed event=checkout outcome=success user.id=2 user.available_amount_before=20104 cart.item_count=5 cart.total_cents=453 payment.id=91 payment.status=completed payment.method=card payment.provider=mock_gateway payment.latency_ms=102 duration_ms=309
[13:16:28.364] INFO Checkout completed event=checkout outcome=success user.id=54 user.available_amount_before=41264 cart.item_count=5 cart.total_cents=570 payment.id=96 payment.status=completed payment.method=card payment.provider=mock_gateway payment.latency_ms=102 duration_ms=309
[13:16:28.364] INFO Checkout completed event=checkout outcome=success user.id=98 user.available_amount_before=3388 cart.item_count=5 cart.total_cents=422 payment.id=94 payment.status=completed payment.method=card payment.provider=mock_gateway payment.latency_ms=102 duration_ms=310
[13:16:28.364] INFO Sent HTTP response http.method=POST http.url=/rpc/payment/ http.status=200
[13:16:28.365] INFO Sent HTTP response http.method=POST http.url=/rpc/payment/ http.status=200
[13:16:28.365] INFO Sent HTTP response http.method=POST http.url=/rpc/payment/ http.status=200
[13:16:28.365] INFO Checkout completed event=checkout outcome=success user.id=1 user.available_amount_before=21126 cart.item_count=5 cart.total_cents=798 payment.id=99 payment.status=completed payment.method=card payment.provider=mock_gateway payment.latency_ms=101 duration_ms=308
[13:16:28.365] INFO Sent HTTP response http.method=POST http.url=/rpc/payment/ http.status=200
[13:16:28.368] INFO Checkout completed event=checkout outcome=success user.id=12 user.available_amount_before=26620 cart.item_count=5 cart.total_cents=590 payment.id=93 payment.status=completed payment.method=card payment.provider=mock_gateway payment.latency_ms=101 duration_ms=316
[13:16:28.368] INFO Checkout completed event=checkout outcome=success user.id=42 user.available_amount_before=19731 cart.item_count=5 cart.total_cents=443 payment.id=100 payment.status=completed payment.method=card payment.provider=mock_gateway payment.latency_ms=102 duration_ms=310
[13:16:28.368] INFO Sent HTTP response http.method=POST http.url=/rpc/payment/ http.status=200
[13:16:28.368] INFO Sent HTTP response http.method=POST http.url=/rpc/payment/ http.status=200
[13:16:28.737] ERROR Checkout failed — payment gateway rejected event=checkout outcome=error error.type=PaymentFailedError error.code=gateway_rejection error.retriable=false error.cause=Gateway rejected the transaction for testing purposes (simulated) user.id=15 cart.item_count=1 cart.total_cents=54 payment.id=4 payment.status=failed payment.latency_ms=606 duration_ms=707
[13:16:28.740] INFO Sent HTTP response http.method=POST http.url=/rpc/payment/ http.status=200
[13:16:28.742] ERROR Checkout failed — payment gateway rejected event=checkout outcome=error error.type=PaymentFailedError error.code=gateway_rejection error.retriable=false error.cause=Gateway rejected the transaction for testing purposes (simulated) user.id=80 cart.item_count=1 cart.total_cents=129 payment.id=11 payment.status=failed payment.latency_ms=607 duration_ms=705
[13:16:28.742] INFO Sent HTTP response http.method=POST http.url=/rpc/payment/ http.status=200
[13:16:28.751] ERROR Checkout failed — payment gateway rejected event=checkout outcome=error error.type=PaymentFailedError error.code=gateway_rejection error.retriable=false error.cause=Gateway rejected the transaction for testing purposes (simulated) user.id=70 cart.item_count=1 cart.total_cents=54 payment.id=17 payment.status=failed payment.latency_ms=605 duration_ms=698
[13:16:28.752] INFO Sent HTTP response http.method=POST http.url=/rpc/payment/ http.status=200
[13:16:28.761] ERROR Checkout failed — payment gateway rejected event=checkout outcome=error error.type=PaymentFailedError error.code=gateway_rejection error.retriable=false error.cause=Gateway rejected the transaction for testing purposes (simulated) user.id=75 cart.item_count=2 cart.total_cents=359 payment.id=25 payment.status=failed payment.latency_ms=606 duration_ms=729
[13:16:28.762] INFO Sent HTTP response http.method=POST http.url=/rpc/payment/ http.status=200
[13:16:28.766] ERROR Checkout failed — payment gateway rejected event=checkout outcome=error error.type=PaymentFailedError error.code=gateway_rejection error.retriable=false error.cause=Gateway rejected the transaction for testing purposes (simulated) user.id=95 cart.item_count=2 cart.total_cents=225 payment.id=23 payment.status=failed payment.latency_ms=606 duration_ms=737
[13:16:28.766] ERROR Checkout failed — payment gateway rejected event=checkout outcome=error error.type=PaymentFailedError error.code=gateway_rejection error.retriable=false error.cause=Gateway rejected the transaction for testing purposes (simulated) user.id=20 cart.item_count=2 cart.total_cents=310 payment.id=24 payment.status=failed payment.latency_ms=606 duration_ms=736
[13:16:28.767] INFO Sent HTTP response http.method=POST http.url=/rpc/payment/ http.status=200
[13:16:28.768] INFO Sent HTTP response http.method=POST http.url=/rpc/payment/ http.status=200
[13:16:28.771] ERROR Checkout failed — payment gateway rejected event=checkout outcome=error error.type=PaymentFailedError error.code=gateway_rejection error.retriable=false error.cause=Gateway rejected the transaction for testing purposes (simulated) user.id=65 cart.item_count=2 cart.total_cents=342 payment.id=35 payment.status=failed payment.latency_ms=604 duration_ms=729
[13:16:28.771] ERROR Checkout failed — payment gateway rejected event=checkout outcome=error error.type=PaymentFailedError error.code=gateway_rejection error.retriable=false error.cause=Gateway rejected the transaction for testing purposes (simulated) user.id=80 cart.item_count=2 cart.total_cents=86 payment.id=28 payment.status=failed payment.latency_ms=606 duration_ms=735
[13:16:28.772] ERROR Checkout failed — payment gateway rejected event=checkout outcome=error error.type=PaymentFailedError error.code=gateway_rejection error.retriable=false error.cause=Gateway rejected the transaction for testing purposes (simulated) user.id=10 cart.item_count=2 cart.total_cents=68 payment.id=31 payment.status=failed payment.latency_ms=605 duration_ms=733
[13:16:28.772] INFO Sent HTTP response http.method=POST http.url=/rpc/payment/ http.status=200
[13:16:28.773] INFO Sent HTTP response http.method=POST http.url=/rpc/payment/ http.status=200
[13:16:28.773] INFO Sent HTTP response http.method=POST http.url=/rpc/payment/ http.status=200
[13:16:28.776] ERROR Checkout failed — payment gateway rejected event=checkout outcome=error error.type=PaymentFailedError error.code=gateway_rejection error.retriable=false error.cause=Gateway rejected the transaction for testing purposes (simulated) user.id=20 cart.item_count=2 cart.total_cents=235 payment.id=36 payment.status=failed payment.latency_ms=606 duration_ms=723
[13:16:28.776] INFO Sent HTTP response http.method=POST http.url=/rpc/payment/ http.status=200
[13:16:28.780] ERROR Checkout failed — payment gateway rejected event=checkout outcome=error error.type=PaymentFailedError error.code=gateway_rejection error.retriable=false error.cause=Gateway rejected the transaction for testing purposes (simulated) user.id=60 cart.item_count=2 cart.total_cents=146 payment.id=41 payment.status=failed payment.latency_ms=605 duration_ms=724
[13:16:28.780] ERROR Checkout failed — payment gateway rejected event=checkout outcome=error error.type=PaymentFailedError error.code=gateway_rejection error.retriable=false error.cause=Gateway rejected the transaction for testing purposes (simulated) user.id=25 cart.item_count=3 cart.total_cents=188 payment.id=37 payment.status=failed payment.latency_ms=604 duration_ms=754
[13:16:28.781] INFO Sent HTTP response http.method=POST http.url=/rpc/payment/ http.status=200
[13:16:28.781] INFO Sent HTTP response http.method=POST http.url=/rpc/payment/ http.status=200
[13:16:28.794] ERROR Checkout failed — payment gateway rejected event=checkout outcome=error error.type=PaymentFailedError error.code=gateway_rejection error.retriable=false error.cause=Gateway rejected the transaction for testing purposes (simulated) user.id=10 cart.item_count=3 cart.total_cents=177 payment.id=47 payment.status=failed payment.latency_ms=609 duration_ms=772
[13:16:28.795] INFO Sent HTTP response http.method=POST http.url=/rpc/payment/ http.status=200
[13:16:28.799] ERROR Checkout failed — payment gateway rejected event=checkout outcome=error error.type=PaymentFailedError error.code=gateway_rejection error.retriable=false error.cause=Gateway rejected the transaction for testing purposes (simulated) user.id=100 cart.item_count=3 cart.total_cents=454 payment.id=51 payment.status=failed payment.latency_ms=608 duration_ms=768
[13:16:28.800] INFO Sent HTTP response http.method=POST http.url=/rpc/payment/ http.status=200
[13:16:28.800] ERROR Checkout failed — payment gateway rejected event=checkout outcome=error error.type=PaymentFailedError error.code=gateway_rejection error.retriable=false error.cause=Gateway rejected the transaction for testing purposes (simulated) user.id=20 cart.item_count=3 cart.total_cents=136 payment.id=55 payment.status=failed payment.latency_ms=607 duration_ms=747
[13:16:28.801] INFO Sent HTTP response http.method=POST http.url=/rpc/payment/ http.status=200
[13:16:28.815] ERROR Checkout failed — payment gateway rejected event=checkout outcome=error error.type=PaymentFailedError error.code=gateway_rejection error.retriable=false error.cause=Gateway rejected the transaction for testing purposes (simulated) user.id=85 cart.item_count=4 cart.total_cents=254 payment.id=64 payment.status=failed payment.latency_ms=609 duration_ms=791
[13:16:28.816] INFO Sent HTTP response http.method=POST http.url=/rpc/payment/ http.status=200
[13:16:28.821] ERROR Checkout failed — payment gateway rejected event=checkout outcome=error error.type=PaymentFailedError error.code=gateway_rejection error.retriable=false error.cause=Gateway rejected the transaction for testing purposes (simulated) user.id=80 cart.item_count=4 cart.total_cents=565 payment.id=59 payment.status=failed payment.latency_ms=609 duration_ms=800
[13:16:28.822] ERROR Checkout failed — payment gateway rejected event=checkout outcome=error error.type=PaymentFailedError error.code=gateway_rejection error.retriable=false error.cause=Gateway rejected the transaction for testing purposes (simulated) user.id=5 cart.item_count=4 cart.total_cents=460 payment.id=66 payment.status=failed payment.latency_ms=609 duration_ms=787
[13:16:28.822] INFO Sent HTTP response http.method=POST http.url=/rpc/payment/ http.status=200
[13:16:28.823] INFO Sent HTTP response http.method=POST http.url=/rpc/payment/ http.status=200
[13:16:28.826] ERROR Checkout failed — payment gateway rejected event=checkout outcome=error error.type=PaymentFailedError error.code=gateway_rejection error.retriable=false error.cause=Gateway rejected the transaction for testing purposes (simulated) user.id=95 cart.item_count=4 cart.total_cents=547 payment.id=69 payment.status=failed payment.latency_ms=609 duration_ms=786
[13:16:28.827] INFO Sent HTTP response http.method=POST http.url=/rpc/payment/ http.status=200
[13:16:28.830] ERROR Checkout failed — payment gateway rejected event=checkout outcome=error error.type=PaymentFailedError error.code=gateway_rejection error.retriable=false error.cause=Gateway rejected the transaction for testing purposes (simulated) user.id=90 cart.item_count=4 cart.total_cents=454 payment.id=75 payment.status=failed payment.latency_ms=606 duration_ms=776
[13:16:28.831] ERROR Checkout failed — payment gateway rejected event=checkout outcome=error error.type=PaymentFailedError error.code=gateway_rejection error.retriable=false error.cause=Gateway rejected the transaction for testing purposes (simulated) user.id=20 cart.item_count=4 cart.total_cents=354 payment.id=76 payment.status=failed payment.latency_ms=606 duration_ms=775
[13:16:28.832] INFO Sent HTTP response http.method=POST http.url=/rpc/payment/ http.status=200
[13:16:28.832] INFO Sent HTTP response http.method=POST http.url=/rpc/payment/ http.status=200
[13:16:28.836] ERROR Checkout failed — payment gateway rejected event=checkout outcome=error error.type=PaymentFailedError error.code=gateway_rejection error.retriable=false error.cause=Gateway rejected the transaction for testing purposes (simulated) user.id=10 cart.item_count=5 cart.total_cents=387 payment.id=79 payment.status=failed payment.latency_ms=607 duration_ms=814
[13:16:28.836] INFO Sent HTTP response http.method=POST http.url=/rpc/payment/ http.status=200
[13:16:28.849] ERROR Checkout failed — payment gateway rejected event=checkout outcome=error error.type=PaymentFailedError error.code=gateway_rejection error.retriable=false error.cause=Gateway rejected the transaction for testing purposes (simulated) user.id=65 cart.item_count=5 cart.total_cents=703 payment.id=89 payment.status=failed payment.latency_ms=606 duration_ms=797
[13:16:28.849] INFO Sent HTTP response http.method=POST http.url=/rpc/payment/ http.status=200
[13:16:28.853] ERROR Checkout failed — payment gateway rejected event=checkout outcome=error error.type=PaymentFailedError error.code=gateway_rejection error.retriable=false error.cause=Gateway rejected the transaction for testing purposes (simulated) user.id=50 cart.item_count=5 cart.total_cents=398 payment.id=88 payment.status=failed payment.latency_ms=606 duration_ms=814
[13:16:28.854] INFO Sent HTTP response http.method=POST http.url=/rpc/payment/ http.status=200
[13:16:28.863] ERROR Checkout failed — payment gateway rejected event=checkout outcome=error error.type=PaymentFailedError error.code=gateway_rejection error.retriable=false error.cause=Gateway rejected the transaction for testing purposes (simulated) user.id=100 cart.item_count=5 cart.total_cents=472 payment.id=95 payment.status=failed payment.latency_ms=606 duration_ms=808
[13:16:28.864] INFO Sent HTTP response http.method=POST http.url=/rpc/payment/ http.status=200
[13:16:28.867] ERROR Checkout failed — payment gateway rejected event=checkout outcome=error error.type=PaymentFailedError error.code=gateway_rejection error.retriable=false error.cause=Gateway rejected the transaction for testing purposes (simulated) user.id=45 cart.item_count=5 cart.total_cents=667 payment.id=97 payment.status=failed payment.latency_ms=607 duration_ms=810
[13:16:28.867] INFO Sent HTTP response http.method=POST http.url=/rpc/payment/ http.status=200
